Archive member included to satisfy reference by file (symbol)

/usr/lib/gcc/arm-none-eabi/5.4.1/armv6-m/libgcc.a(_udivsi3.o)
                              xdk-asf/gclk.o (__aeabi_uidiv)
/usr/lib/gcc/arm-none-eabi/5.4.1/armv6-m/libgcc.a(_dvmd_tls.o)
                              /usr/lib/gcc/arm-none-eabi/5.4.1/armv6-m/libgcc.a(_udivsi3.o) (__aeabi_idiv0)
/usr/lib/gcc/arm-none-eabi/5.4.1/armv6-m/libgcc.a(_muldi3.o)
                              xdk-asf/sercom.o (__aeabi_lmul)
/usr/lib/gcc/arm-none-eabi/5.4.1/../../../arm-none-eabi/lib/armv6-m/libc_nano.a(lib_a-atexit.o)
                              /usr/lib/gcc/arm-none-eabi/5.4.1/../../../arm-none-eabi/lib/armv6-m/crt0.o (atexit)
/usr/lib/gcc/arm-none-eabi/5.4.1/../../../arm-none-eabi/lib/armv6-m/libc_nano.a(lib_a-exit.o)
                              /usr/lib/gcc/arm-none-eabi/5.4.1/../../../arm-none-eabi/lib/armv6-m/crt0.o (exit)
/usr/lib/gcc/arm-none-eabi/5.4.1/../../../arm-none-eabi/lib/armv6-m/libc_nano.a(lib_a-fini.o)
                              /usr/lib/gcc/arm-none-eabi/5.4.1/../../../arm-none-eabi/lib/armv6-m/crt0.o (__libc_fini_array)
/usr/lib/gcc/arm-none-eabi/5.4.1/../../../arm-none-eabi/lib/armv6-m/libc_nano.a(lib_a-impure.o)
                              /usr/lib/gcc/arm-none-eabi/5.4.1/../../../arm-none-eabi/lib/armv6-m/libc_nano.a(lib_a-exit.o) (_global_impure_ptr)
/usr/lib/gcc/arm-none-eabi/5.4.1/../../../arm-none-eabi/lib/armv6-m/libc_nano.a(lib_a-init.o)
                              /usr/lib/gcc/arm-none-eabi/5.4.1/../../../arm-none-eabi/lib/armv6-m/crt0.o (__libc_init_array)
/usr/lib/gcc/arm-none-eabi/5.4.1/../../../arm-none-eabi/lib/armv6-m/libc_nano.a(lib_a-memcpy-stub.o)
                              main.o (memcpy)
/usr/lib/gcc/arm-none-eabi/5.4.1/../../../arm-none-eabi/lib/armv6-m/libc_nano.a(lib_a-memset.o)
                              /usr/lib/gcc/arm-none-eabi/5.4.1/../../../arm-none-eabi/lib/armv6-m/crt0.o (memset)
/usr/lib/gcc/arm-none-eabi/5.4.1/../../../arm-none-eabi/lib/armv6-m/libc_nano.a(lib_a-__atexit.o)
                              /usr/lib/gcc/arm-none-eabi/5.4.1/../../../arm-none-eabi/lib/armv6-m/libc_nano.a(lib_a-atexit.o) (__register_exitproc)
/usr/lib/gcc/arm-none-eabi/5.4.1/../../../arm-none-eabi/lib/armv6-m/libc_nano.a(lib_a-__call_atexit.o)
                              /usr/lib/gcc/arm-none-eabi/5.4.1/../../../arm-none-eabi/lib/armv6-m/libc_nano.a(lib_a-__atexit.o) (__call_exitprocs)

Allocating common symbols
Common symbol       size              file

_rtc_instance       0x4               xdk-asf/rtc_count.o
rtc_instance        0x8               main.o
spi_master_instance
                    0xc               main.o
slave               0x3               main.o

Discarded input sections

 .text          0x00000000        0x0 /usr/lib/gcc/arm-none-eabi/5.4.1/armv6-m/crti.o
 .data          0x00000000        0x0 /usr/lib/gcc/arm-none-eabi/5.4.1/armv6-m/crti.o
 .bss           0x00000000        0x0 /usr/lib/gcc/arm-none-eabi/5.4.1/armv6-m/crti.o
 .data          0x00000000        0x4 /usr/lib/gcc/arm-none-eabi/5.4.1/armv6-m/crtbegin.o
 .text          0x00000000       0x6c /usr/lib/gcc/arm-none-eabi/5.4.1/../../../arm-none-eabi/lib/armv6-m/crt0.o
 .data          0x00000000        0x0 /usr/lib/gcc/arm-none-eabi/5.4.1/../../../arm-none-eabi/lib/armv6-m/crt0.o
 .bss           0x00000000        0x0 /usr/lib/gcc/arm-none-eabi/5.4.1/../../../arm-none-eabi/lib/armv6-m/crt0.o
 .ARM.extab     0x00000000        0x0 /usr/lib/gcc/arm-none-eabi/5.4.1/../../../arm-none-eabi/lib/armv6-m/crt0.o
 .ARM.exidx     0x00000000        0x8 /usr/lib/gcc/arm-none-eabi/5.4.1/../../../arm-none-eabi/lib/armv6-m/crt0.o
 .debug_line    0x00000000       0x80 /usr/lib/gcc/arm-none-eabi/5.4.1/../../../arm-none-eabi/lib/armv6-m/crt0.o
 .debug_info    0x00000000       0x9d /usr/lib/gcc/arm-none-eabi/5.4.1/../../../arm-none-eabi/lib/armv6-m/crt0.o
 .debug_abbrev  0x00000000       0x14 /usr/lib/gcc/arm-none-eabi/5.4.1/../../../arm-none-eabi/lib/armv6-m/crt0.o
 .debug_aranges
                0x00000000       0x20 /usr/lib/gcc/arm-none-eabi/5.4.1/../../../arm-none-eabi/lib/armv6-m/crt0.o
 .ARM.attributes
                0x00000000       0x1b /usr/lib/gcc/arm-none-eabi/5.4.1/../../../arm-none-eabi/lib/armv6-m/crt0.o
 .group         0x00000000        0x8 xdk-asf/interrupt_sam_nvic.o
 .group         0x00000000        0x8 xdk-asf/interrupt_sam_nvic.o
 .group         0x00000000        0x8 xdk-asf/interrupt_sam_nvic.o
 .group         0x00000000        0x8 xdk-asf/interrupt_sam_nvic.o
 .group         0x00000000        0x8 xdk-asf/interrupt_sam_nvic.o
 .group         0x00000000        0x8 xdk-asf/interrupt_sam_nvic.o
 .group         0x00000000        0x8 xdk-asf/interrupt_sam_nvic.o
 .group         0x00000000        0x8 xdk-asf/interrupt_sam_nvic.o
 .group         0x00000000        0x8 xdk-asf/interrupt_sam_nvic.o
 .group         0x00000000        0x8 xdk-asf/interrupt_sam_nvic.o
 .group         0x00000000        0x8 xdk-asf/interrupt_sam_nvic.o
[...]
Memory Configuration

Name             Origin             Length             Attributes
rom              0x00000000         0x00004000         xr
ram              0x20000000         0x00001000         xrw
*default*        0x00000000         0xffffffff

Linker script and memory map

LOAD /usr/lib/gcc/arm-none-eabi/5.4.1/armv6-m/crti.o
LOAD /usr/lib/gcc/arm-none-eabi/5.4.1/armv6-m/crtbegin.o
LOAD /usr/lib/gcc/arm-none-eabi/5.4.1/../../../arm-none-eabi/lib/armv6-m/crt0.o
                0x00000400                STACK_SIZE = 0x400
                0x00000400                __stack_size__ = 0x400
LOAD test5.o
                0x00000400                STACK_SIZE = DEFINED (STACK_SIZE)?STACK_SIZE:DEFINED (__stack_size__)?__stack_size__:0x400

.text           0x00000000     0x18ec
                0x00000000                . = ALIGN (0x4)
                0x00000000                _sfixed = .
 *(.vectors .vectors.*)
 .vectors       0x00000000       0x8c xdk-asf/startup_samd11.o
                0x00000000                exception_table
 *(.text .text.* .gnu.linkonce.t.*)
 .text          0x0000008c       0xb4 /usr/lib/gcc/arm-none-eabi/5.4.1/armv6-m/crtbegin.o
 .text.cpu_irq_enter_critical
                0x00000140       0x40 xdk-asf/interrupt_sam_nvic.o
                0x00000140                cpu_irq_enter_critical
 .text.cpu_irq_leave_critical
                0x00000180       0x30 xdk-asf/interrupt_sam_nvic.o
                0x00000180                cpu_irq_leave_critical
 .text.Dummy_Handler
                0x000001b0        0x4 xdk-asf/startup_samd11.o
                0x000001b0                DMAC_Handler
                0x000001b0                HardFault_Handler
                0x000001b0                TC2_Handler
                0x000001b0                AC_Handler
                0x000001b0                SysTick_Handler
                0x000001b0                PendSV_Handler
                0x000001b0                NMI_Handler
                0x000001b0                SERCOM1_Handler
                0x000001b0                ADC_Handler
                0x000001b0                TCC0_Handler
                0x000001b0                RTC_Handler
                0x000001b0                EIC_Handler
                0x000001b0                WDT_Handler
                0x000001b0                TC1_Handler
                0x000001b0                USB_Handler
                0x000001b0                Dummy_Handler
                0x000001b0                PM_Handler
                0x000001b0                SVC_Handler
                0x000001b0                EVSYS_Handler
                0x000001b0                NVMCTRL_Handler
                0x000001b0                SERCOM0_Handler
                0x000001b0                DAC_Handler
                0x000001b0                PTC_Handler
                0x000001b0                SYSCTRL_Handler
 .text.Reset_Handler
                0x000001b4       0xf0 xdk-asf/startup_samd11.o
                0x000001b4                Reset_Handler
 .text.spi_init
                0x000002a4      0x29c xdk-asf/spi.o
                0x000002a4                spi_init
 .text.spi_write_buffer_wait
                0x00000540       0xc4 xdk-asf/spi.o
                0x00000540                spi_write_buffer_wait
 .text.spi_transceive_buffer_wait
                0x00000604       0xf4 xdk-asf/spi.o
                0x00000604                spi_transceive_buffer_wait
 .text._sercom_get_sync_baud_val
                0x000006f8       0x28 xdk-asf/sercom.o
                0x000006f8                _sercom_get_sync_baud_val
 .text.sercom_set_gclk_generator
                0x00000720       0x44 xdk-asf/sercom.o
                0x00000720                sercom_set_gclk_generator
 .text._sercom_get_default_pad
                0x00000764       0x88 xdk-asf/sercom.o
                0x00000764                _sercom_get_default_pad
 .text._sercom_get_sercom_inst_index
                0x000007ec       0x2c xdk-asf/sercom.o
                0x000007ec                _sercom_get_sercom_inst_index
 .text.system_gclk_init
                0x00000818       0x24 xdk-asf/gclk.o
                0x00000818                system_gclk_init
 .text.system_gclk_gen_set_config
                0x0000083c       0xb0 xdk-asf/gclk.o
                0x0000083c                system_gclk_gen_set_config
 .text.system_gclk_gen_enable
                0x000008ec       0x3c xdk-asf/gclk.o
                0x000008ec                system_gclk_gen_enable
 .text.system_gclk_gen_get_hz
                0x00000928       0x7c xdk-asf/gclk.o
                0x00000928                system_gclk_gen_get_hz
 .text.system_gclk_chan_enable
                0x000009a4       0x28 xdk-asf/gclk.o
                0x000009a4                system_gclk_chan_enable
 .text.system_gclk_chan_disable
                0x000009cc       0x54 xdk-asf/gclk.o
                0x000009cc                system_gclk_chan_disable
 .text.system_gclk_chan_set_config
                0x00000a20       0x18 xdk-asf/gclk.o
                0x00000a20                system_gclk_chan_set_config
 .text.system_gclk_chan_get_hz
                0x00000a38       0x28 xdk-asf/gclk.o
                0x00000a38                system_gclk_chan_get_hz
 .text.system_clock_source_get_hz
                0x00000a60       0x90 xdk-asf/clock.o
                0x00000a60                system_clock_source_get_hz
 .text.system_clock_source_osc8m_set_config
                0x00000af0       0x3c xdk-asf/clock.o
                0x00000af0                system_clock_source_osc8m_set_config
 .text.system_clock_source_enable
                0x00000b2c       0xa8 xdk-asf/clock.o
                0x00000b2c                system_clock_source_enable
 .text.system_clock_init
                0x00000bd4       0x80 xdk-asf/clock.o
                0x00000bd4                system_clock_init
 .text._system_pinmux_config
                0x00000c54       0xa8 xdk-asf/pinmux.o
 .text.system_pinmux_pin_set_config
                0x00000cfc       0x2c xdk-asf/pinmux.o
                0x00000cfc                system_pinmux_pin_set_config
 .text._system_dummy_init
                0x00000d28        0x4 xdk-asf/system.o
                0x00000d28                _system_divas_init
                0x00000d28                _system_extint_init
                0x00000d28                system_board_init
                0x00000d28                _system_events_init
                0x00000d28                _system_dummy_init
 .text.system_init
                0x00000d2c       0x18 xdk-asf/system.o
                0x00000d2c                system_init
 .text.rtc_count_is_syncing
                0x00000d44        0x8 xdk-asf/rtc_count.o
 .text.rtc_count_enable
                0x00000d4c       0x1c xdk-asf/rtc_count.o
                0x00000d4c                rtc_count_enable
 .text.rtc_count_disable
                0x00000d68       0x20 xdk-asf/rtc_count.o
                0x00000d68                rtc_count_disable
 .text.rtc_count_reset
                0x00000d88       0x20 xdk-asf/rtc_count.o
                0x00000d88                rtc_count_reset
 .text.rtc_count_set_compare
                0x00000da8       0x50 xdk-asf/rtc_count.o
                0x00000da8                rtc_count_set_compare
 .text.rtc_count_init
                0x00000df8       0xd8 xdk-asf/rtc_count.o
                0x00000df8                rtc_count_init
 .text.rtc_count_set_period
                0x00000ed0       0x20 xdk-asf/rtc_count.o
                0x00000ed0                rtc_count_set_period
 .text.rtc_count_is_compare_match
                0x00000ef0       0x2c xdk-asf/rtc_count.o
                0x00000ef0                rtc_count_is_compare_match
 .text.rtc_count_clear_compare_match
                0x00000f1c       0x30 xdk-asf/rtc_count.o
                0x00000f1c                rtc_count_clear_compare_match
 .text.send_dummy
                0x00000f4c       0x44 main.o
 .text.reset_status
                0x00000f90       0x6c main.o
 .text.read_status
                0x00000ffc       0x68 main.o
 .text.configure_rtc_count
                0x00001064       0x38 main.o
                0x00001064                configure_rtc_count
 .text.sleep_ms
                0x0000109c       0x2c main.o
                0x0000109c                sleep_ms
 .text.spi_init_internal
                0x000010c8       0xfc main.o
                0x000010c8                spi_init_internal
 .text.ResetSequence
                0x000011c4       0x4c main.o
                0x000011c4                ResetSequence
 .text.spi_close
                0x00001210       0x18 main.o
                0x00001210                spi_close
 .text.system_samd11_init
                0x00001228       0x28 main.o
                0x00001228                system_samd11_init
 .text.main     0x00001250      0x2e4 main.o
                0x00001250                main
 .text.GPIOExport
                0x00001534        0x4 gpio.o
                0x00001534                GPIOExport
 .text.GPIOUnexport
                0x00001538        0x4 gpio.o
                0x00001538                GPIOUnexport
 .text.GPIODirection
                0x0000153c       0x28 gpio.o
                0x0000153c                GPIODirection
 .text.GPIOOpenValue
                0x00001564        0x4 gpio.o
                0x00001564                GPIOOpenValue
 .text.GPIOCloseValue
                0x00001568        0x4 gpio.o
                0x00001568                GPIOCloseValue
 .text.GPIOWrite
                0x0000156c       0x28 gpio.o
                0x0000156c                GPIOWrite
 .text.initGlobalReset
                0x00001594       0x44 greset.o
                0x00001594                initGlobalReset
 .text.finiGlobalReset
                0x000015d8       0x20 greset.o
                0x000015d8                finiGlobalReset
 .text.sendGlobalReset
                0x000015f8       0x1c greset.o
                0x000015f8                sendGlobalReset
 .text          0x00001614      0x114 /usr/lib/gcc/arm-none-eabi/5.4.1/armv6-m/libgcc.a(_udivsi3.o)
                0x00001614                __udivsi3
                0x00001614                __aeabi_uidiv
                0x00001720                __aeabi_uidivmod
 .text          0x00001728        0x4 /usr/lib/gcc/arm-none-eabi/5.4.1/armv6-m/libgcc.a(_dvmd_tls.o)
                0x00001728                __aeabi_ldiv0
                0x00001728                __aeabi_idiv0
 .text          0x0000172c       0x48 /usr/lib/gcc/arm-none-eabi/5.4.1/../../../arm-none-eabi/lib/armv6-m/libc_nano.a(lib_a-init.o)
                0x0000172c                __libc_init_array
 .text          0x00001774       0x7c /usr/lib/gcc/arm-none-eabi/5.4.1/../../../arm-none-eabi/lib/armv6-m/libc_nano.a(lib_a-memcpy-stub.o)
                0x00001774                memcpy
 .text          0x000017f0       0x8c /usr/lib/gcc/arm-none-eabi/5.4.1/../../../arm-none-eabi/lib/armv6-m/libc_nano.a(lib_a-memset.o)
                0x000017f0                memset
 *(.glue_7t)
 .glue_7t       0x0000187c        0x0 linker stubs
 *(.glue_7)
 .glue_7        0x0000187c        0x0 linker stubs
 *(.rodata .rodata* .gnu.linkonce.r.*)
 .rodata        0x0000187c        0x8 xdk-asf/sercom.o
 .rodata.system_clock_source_get_hz
                0x00001884       0x24 xdk-asf/clock.o
 .rodata.system_clock_source_enable
                0x000018a8       0x24 xdk-asf/clock.o
 *(.ARM.extab* .gnu.linkonce.armextab.*)
                0x000018cc                . = ALIGN (0x4)
 *(.init)
 .init          0x000018cc        0x4 /usr/lib/gcc/arm-none-eabi/5.4.1/armv6-m/crti.o
                0x000018cc                _init
 .init          0x000018d0        0x8 /usr/lib/gcc/arm-none-eabi/5.4.1/armv6-m/crtn.o
                0x000018d8                . = ALIGN (0x4)
                0x000018d8                __preinit_array_start = .
 *(.preinit_array)
                0x000018d8                __preinit_array_end = .
                0x000018d8                . = ALIGN (0x4)
                0x000018d8                __init_array_start = .
 *(SORT(.init_array.*))
 *(.init_array)
 .init_array    0x000018d8        0x4 /usr/lib/gcc/arm-none-eabi/5.4.1/armv6-m/crtbegin.o
                0x000018dc                __init_array_end = .
                0x000018dc                . = ALIGN (0x4)
 *crtbegin.o(.ctors)
 *(EXCLUDE_FILE(*crtend.o) .ctors)
 *(SORT(.ctors.*))
 *crtend.o(.ctors)
                0x000018dc                . = ALIGN (0x4)
 *(.fini)
 .fini          0x000018dc        0x4 /usr/lib/gcc/arm-none-eabi/5.4.1/armv6-m/crti.o
                0x000018dc                _fini
 .fini          0x000018e0        0x8 /usr/lib/gcc/arm-none-eabi/5.4.1/armv6-m/crtn.o
                0x000018e8                . = ALIGN (0x4)
                0x000018e8                __fini_array_start = .
 *(.fini_array)
 .fini_array    0x000018e8        0x4 /usr/lib/gcc/arm-none-eabi/5.4.1/armv6-m/crtbegin.o
 *(SORT(.fini_array.*))
                0x000018ec                __fini_array_end = .
 *crtbegin.o(.dtors)
 *(EXCLUDE_FILE(*crtend.o) .dtors)
 *(SORT(.dtors.*))
 *crtend.o(.dtors)
                0x000018ec                . = ALIGN (0x4)
                0x000018ec                _efixed = .
                [!provide]                PROVIDE (__exidx_start, .)

.vfp11_veneer   0x000018ec        0x0
 .vfp11_veneer  0x000018ec        0x0 linker stubs

.v4_bx          0x000018ec        0x0
 .v4_bx         0x000018ec        0x0 linker stubs

.iplt           0x000018ec        0x0
 .iplt          0x000018ec        0x0 /usr/lib/gcc/arm-none-eabi/5.4.1/armv6-m/crtbegin.o

.eh_frame       0x000018ec        0x0
 .eh_frame      0x000018ec        0x0 /usr/lib/gcc/arm-none-eabi/5.4.1/armv6-m/crtbegin.o

.rel.dyn        0x000018ec        0x0
 .rel.iplt      0x000018ec        0x0 /usr/lib/gcc/arm-none-eabi/5.4.1/armv6-m/crtbegin.o

.jcr            0x000018ec        0x0
 .jcr           0x000018ec        0x0 /usr/lib/gcc/arm-none-eabi/5.4.1/armv6-m/crtbegin.o

.tm_clone_table
                0x000018ec        0x0
 .tm_clone_table
                0x000018ec        0x0 /usr/lib/gcc/arm-none-eabi/5.4.1/armv6-m/crtbegin.o
 .tm_clone_table
                0x000018ec        0x0 /usr/lib/gcc/arm-none-eabi/5.4.1/armv6-m/crtend.o

.igot.plt       0x000018ec        0x0
 .igot.plt      0x000018ec        0x0 /usr/lib/gcc/arm-none-eabi/5.4.1/armv6-m/crtbegin.o

.ARM.exidx
 *(.ARM.exidx* .gnu.linkonce.armexidx.*)
                [!provide]                PROVIDE (__exidx_end, .)
                0x000018ec                . = ALIGN (0x4)
                0x000018ec                _etext = .

.relocate       0x20000000       0x48 load address 0x000018ec
                0x20000000                . = ALIGN (0x4)
                0x20000000                _srelocate = .
 *(.ramfunc .ramfunc.*)
 *(.data .data.*)
 .data          0x20000000       0x40 test5.o
                0x20000000                _binary_test5_dat_start
                0x20000040                _binary_test5_dat_end
 .data.g_interrupt_enabled
                0x20000040        0x1 xdk-asf/interrupt_sam_nvic.o
                0x20000040                g_interrupt_enabled
 *fill*         0x20000041        0x3 
 .data.gpio_reset
                0x20000044        0x4 greset.o
                0x20000044                gpio_reset
                0x20000048                . = ALIGN (0x4)
                0x20000048                _erelocate = .

.bss            0x20000048      0x268 load address 0x00001934
                0x20000048                . = ALIGN (0x4)
                0x20000048                _sbss = .
                0x20000048                _szero = .
 *(.bss .bss.*)
 .bss           0x20000048       0x1c /usr/lib/gcc/arm-none-eabi/5.4.1/armv6-m/crtbegin.o
 .bss.cpu_irq_critical_section_counter
                0x20000064        0x4 xdk-asf/interrupt_sam_nvic.o
 .bss.cpu_irq_prev_interrupt_state
                0x20000068        0x1 xdk-asf/interrupt_sam_nvic.o
 *fill*         0x20000069        0x3 
 .bss._sercom_config
                0x2000006c        0x2 xdk-asf/sercom.o
 *fill*         0x2000006e        0x2 
 .bss._system_clock_inst
                0x20000070       0x18 xdk-asf/clock.o
 .bss.fd_gpio   0x20000088        0x4 main.o
 .bss.rbuffer   0x2000008c      0x100 main.o
 .bss.fd_gpio_stat
                0x2000018c        0x4 main.o
 .bss.buffer    0x20000190      0x100 main.o
 .bss.fd_gpio_reset
                0x20000290        0x4 greset.o
 *(COMMON)
 COMMON         0x20000294        0x4 xdk-asf/rtc_count.o
                0x20000294                _rtc_instance
 COMMON         0x20000298       0x17 main.o
                0x20000298                rtc_instance
                0x200002a0                spi_master_instance
                0x200002ac                slave
                0x200002b0                . = ALIGN (0x4)
 *fill*         0x200002af        0x1 
                0x200002b0                _ebss = .
                0x200002b0                _ezero = .

.stack          0x200002b0      0x400 load address 0x00001b9c
                0x200002b0                . = ALIGN (0x8)
                0x200002b0                _sstack = .
                0x200006b0                . = (. + STACK_SIZE)
 *fill*         0x200002b0      0x400 
                0x200006b0                . = ALIGN (0x8)
                0x200006b0                _estack = .
                0x200006b0                . = ALIGN (0x4)
                0x200006b0                _end = .
LOAD xdk-asf/interrupt_sam_nvic.o
LOAD xdk-asf/startup_samd11.o
LOAD xdk-asf/system_samd11.o
LOAD xdk-asf/spi.o
LOAD xdk-asf/sercom.o
LOAD xdk-asf/gclk.o
LOAD xdk-asf/clock.o
LOAD xdk-asf/pinmux.o
LOAD xdk-asf/system.o
LOAD xdk-asf/rtc_count.o
LOAD main.o
LOAD gpio.o
LOAD greset.o
LOAD /usr/lib/gcc/arm-none-eabi/5.4.1/../../../arm-none-eabi/lib/armv6-m/libstdc++_nano.a
LOAD /usr/lib/gcc/arm-none-eabi/5.4.1/../../../arm-none-eabi/lib/armv6-m/libm.a
START GROUP
LOAD /usr/lib/gcc/arm-none-eabi/5.4.1/armv6-m/libgcc.a
LOAD /usr/lib/gcc/arm-none-eabi/5.4.1/../../../arm-none-eabi/lib/armv6-m/libc_nano.a
END GROUP
START GROUP
LOAD /usr/lib/gcc/arm-none-eabi/5.4.1/armv6-m/libgcc.a
LOAD /usr/lib/gcc/arm-none-eabi/5.4.1/../../../arm-none-eabi/lib/armv6-m/libc_nano.a
END GROUP
LOAD /usr/lib/gcc/arm-none-eabi/5.4.1/armv6-m/crtend.o
LOAD /usr/lib/gcc/arm-none-eabi/5.4.1/armv6-m/crtn.o
OUTPUT(mRISCVprog_flash.elf elf32-littlearm)

.ARM.attributes
                0x00000000       0x28
 .ARM.attributes
                0x00000000       0x1e /usr/lib/gcc/arm-none-eabi/5.4.1/armv6-m/crti.o
 .ARM.attributes
                0x0000001e       0x2c /usr/lib/gcc/arm-none-eabi/5.4.1/armv6-m/crtbegin.o
 .ARM.attributes
                0x0000004a       0x32 xdk-asf/interrupt_sam_nvic.o
 .ARM.attributes
                0x0000007c       0x32 xdk-asf/startup_samd11.o
 .ARM.attributes
                0x000000ae       0x32 xdk-asf/spi.o
 .ARM.attributes
                0x000000e0       0x32 xdk-asf/sercom.o
 .ARM.attributes
                0x00000112       0x32 xdk-asf/gclk.o
 .ARM.attributes
                0x00000144       0x32 xdk-asf/clock.o
 .ARM.attributes
                0x00000176       0x32 xdk-asf/pinmux.o
 .ARM.attributes
                0x000001a8       0x32 xdk-asf/system.o
 .ARM.attributes
                0x000001da       0x32 xdk-asf/rtc_count.o
 .ARM.attributes
                0x0000020c       0x32 main.o
 .ARM.attributes
                0x0000023e       0x32 gpio.o
 .ARM.attributes
                0x00000270       0x32 greset.o
 .ARM.attributes
                0x000002a2       0x1e /usr/lib/gcc/arm-none-eabi/5.4.1/armv6-m/libgcc.a(_udivsi3.o)
 .ARM.attributes
                0x000002c0       0x1e /usr/lib/gcc/arm-none-eabi/5.4.1/armv6-m/libgcc.a(_dvmd_tls.o)
 .ARM.attributes
                0x000002de       0x2c /usr/lib/gcc/arm-none-eabi/5.4.1/../../../arm-none-eabi/lib/armv6-m/libc_nano.a(lib_a-init.o)
 .ARM.attributes
                0x0000030a       0x2c /usr/lib/gcc/arm-none-eabi/5.4.1/../../../arm-none-eabi/lib/armv6-m/libc_nano.a(lib_a-memcpy-stub.o)
 .ARM.attributes
                0x00000336       0x2c /usr/lib/gcc/arm-none-eabi/5.4.1/../../../arm-none-eabi/lib/armv6-m/libc_nano.a(lib_a-memset.o)
 .ARM.attributes
                0x00000362       0x2c /usr/lib/gcc/arm-none-eabi/5.4.1/armv6-m/crtend.o
 .ARM.attributes
                0x0000038e       0x1e /usr/lib/gcc/arm-none-eabi/5.4.1/armv6-m/crtn.o

.comment        0x00000000       0x2b
 .comment       0x00000000       0x2b /usr/lib/gcc/arm-none-eabi/5.4.1/armv6-m/crtbegin.o
                                 0x2c (size before relaxing)
 .comment       0x0000002b       0x2c xdk-asf/interrupt_sam_nvic.o
 .comment       0x0000002b       0x2c xdk-asf/startup_samd11.o
 .comment       0x0000002b       0x2c xdk-asf/spi.o
 .comment       0x0000002b       0x2c xdk-asf/sercom.o
 .comment       0x0000002b       0x2c xdk-asf/gclk.o
 .comment       0x0000002b       0x2c xdk-asf/clock.o
 .comment       0x0000002b       0x2c xdk-asf/pinmux.o
 .comment       0x0000002b       0x2c xdk-asf/system.o
 .comment       0x0000002b       0x2c xdk-asf/rtc_count.o
 .comment       0x0000002b       0x2c main.o
 .comment       0x0000002b       0x2c gpio.o
 .comment       0x0000002b       0x2c greset.o
 .comment       0x0000002b       0x2c /usr/lib/gcc/arm-none-eabi/5.4.1/../../../arm-none-eabi/lib/armv6-m/libc_nano.a(lib_a-init.o)
 .comment       0x0000002b       0x2c /usr/lib/gcc/arm-none-eabi/5.4.1/../../../arm-none-eabi/lib/armv6-m/libc_nano.a(lib_a-memcpy-stub.o)
 .comment       0x0000002b       0x2c /usr/lib/gcc/arm-none-eabi/5.4.1/../../../arm-none-eabi/lib/armv6-m/libc_nano.a(lib_a-memset.o)
 .comment       0x0000002b       0x2c /usr/lib/gcc/arm-none-eabi/5.4.1/armv6-m/crtend.o

.debug_info     0x00000000    0x15a49
 .debug_info    0x00000000      0x1d9 xdk-asf/interrupt_sam_nvic.o
 .debug_info    0x000001d9     0x28d4 xdk-asf/startup_samd11.o
 .debug_info    0x00002aad     0x5150 xdk-asf/spi.o
 .debug_info    0x00007bfd     0x2294 xdk-asf/sercom.o
 .debug_info    0x00009e91     0x1449 xdk-asf/gclk.o
 .debug_info    0x0000b2da     0x2a39 xdk-asf/clock.o
 .debug_info    0x0000dd13      0xa69 xdk-asf/pinmux.o
 .debug_info    0x0000e77c      0x14f xdk-asf/system.o
 .debug_info    0x0000e8cb     0x2552 xdk-asf/rtc_count.o
 .debug_info    0x00010e1d     0x437e main.o
 .debug_info    0x0001519b      0x274 gpio.o
 .debug_info    0x0001540f      0x158 greset.o
 .debug_info    0x00015567       0xb9 /usr/lib/gcc/arm-none-eabi/5.4.1/armv6-m/libgcc.a(_udivsi3.o)
 .debug_info    0x00015620       0xb9 /usr/lib/gcc/arm-none-eabi/5.4.1/armv6-m/libgcc.a(_dvmd_tls.o)
 .debug_info    0x000156d9      0x110 /usr/lib/gcc/arm-none-eabi/5.4.1/../../../arm-none-eabi/lib/armv6-m/libc_nano.a(lib_a-init.o)
 .debug_info    0x000157e9      0x142 /usr/lib/gcc/arm-none-eabi/5.4.1/../../../arm-none-eabi/lib/armv6-m/libc_nano.a(lib_a-memcpy-stub.o)
 .debug_info    0x0001592b      0x11e /usr/lib/gcc/arm-none-eabi/5.4.1/../../../arm-none-eabi/lib/armv6-m/libc_nano.a(lib_a-memset.o)

.debug_abbrev   0x00000000     0x2115
 .debug_abbrev  0x00000000       0xf4 xdk-asf/interrupt_sam_nvic.o
 .debug_abbrev  0x000000f4      0x255 xdk-asf/startup_samd11.o
 .debug_abbrev  0x00000349      0x4a8 xdk-asf/spi.o
 .debug_abbrev  0x000007f1      0x2dd xdk-asf/sercom.o
 .debug_abbrev  0x00000ace      0x36b xdk-asf/gclk.o
 .debug_abbrev  0x00000e39      0x3d4 xdk-asf/clock.o
 .debug_abbrev  0x0000120d      0x290 xdk-asf/pinmux.o
 .debug_abbrev  0x0000149d       0xb6 xdk-asf/system.o
 .debug_abbrev  0x00001553      0x370 xdk-asf/rtc_count.o
 .debug_abbrev  0x000018c3      0x48d main.o
 .debug_abbrev  0x00001d50       0xda gpio.o
 .debug_abbrev  0x00001e2a       0xb8 greset.o
 .debug_abbrev  0x00001ee2       0x14 /usr/lib/gcc/arm-none-eabi/5.4.1/armv6-m/libgcc.a(_udivsi3.o)
 .debug_abbrev  0x00001ef6       0x14 /usr/lib/gcc/arm-none-eabi/5.4.1/armv6-m/libgcc.a(_dvmd_tls.o)
 .debug_abbrev  0x00001f0a       0xba /usr/lib/gcc/arm-none-eabi/5.4.1/../../../arm-none-eabi/lib/armv6-m/libc_nano.a(lib_a-init.o)
 .debug_abbrev  0x00001fc4       0xb2 /usr/lib/gcc/arm-none-eabi/5.4.1/../../../arm-none-eabi/lib/armv6-m/libc_nano.a(lib_a-memcpy-stub.o)
 .debug_abbrev  0x00002076       0x9f /usr/lib/gcc/arm-none-eabi/5.4.1/../../../arm-none-eabi/lib/armv6-m/libc_nano.a(lib_a-memset.o)

.debug_aranges  0x00000000      0x468
 .debug_aranges
                0x00000000       0x28 xdk-asf/interrupt_sam_nvic.o
 .debug_aranges
                0x00000028       0x28 xdk-asf/startup_samd11.o
 .debug_aranges
                0x00000050       0x58 xdk-asf/spi.o
 .debug_aranges
                0x000000a8       0x48 xdk-asf/sercom.o
 .debug_aranges
                0x000000f0       0x80 xdk-asf/gclk.o
 .debug_aranges
                0x00000170       0x78 xdk-asf/clock.o
 .debug_aranges
                0x000001e8       0x40 xdk-asf/pinmux.o
 .debug_aranges
                0x00000228       0x28 xdk-asf/system.o
 .debug_aranges
                0x00000250       0x88 xdk-asf/rtc_count.o
 .debug_aranges
                0x000002d8       0x70 main.o
 .debug_aranges
                0x00000348       0x50 gpio.o
 .debug_aranges
                0x00000398       0x30 greset.o
 .debug_aranges
                0x000003c8       0x20 /usr/lib/gcc/arm-none-eabi/5.4.1/armv6-m/libgcc.a(_udivsi3.o)
 .debug_aranges
                0x000003e8       0x20 /usr/lib/gcc/arm-none-eabi/5.4.1/armv6-m/libgcc.a(_dvmd_tls.o)
 .debug_aranges
                0x00000408       0x20 /usr/lib/gcc/arm-none-eabi/5.4.1/../../../arm-none-eabi/lib/armv6-m/libc_nano.a(lib_a-init.o)
 .debug_aranges
                0x00000428       0x20 /usr/lib/gcc/arm-none-eabi/5.4.1/../../../arm-none-eabi/lib/armv6-m/libc_nano.a(lib_a-memcpy-stub.o)
 .debug_aranges
                0x00000448       0x20 /usr/lib/gcc/arm-none-eabi/5.4.1/../../../arm-none-eabi/lib/armv6-m/libc_nano.a(lib_a-memset.o)

.debug_ranges   0x00000000      0x4f8
 .debug_ranges  0x00000000       0x18 xdk-asf/interrupt_sam_nvic.o
 .debug_ranges  0x00000018       0x18 xdk-asf/startup_samd11.o
 .debug_ranges  0x00000030      0x1c0 xdk-asf/spi.o
 .debug_ranges  0x000001f0       0x50 xdk-asf/sercom.o
 .debug_ranges  0x00000240       0x70 xdk-asf/gclk.o
 .debug_ranges  0x000002b0       0x68 xdk-asf/clock.o
 .debug_ranges  0x00000318       0x30 xdk-asf/pinmux.o
 .debug_ranges  0x00000348       0x18 xdk-asf/system.o
 .debug_ranges  0x00000360       0x78 xdk-asf/rtc_count.o
 .debug_ranges  0x000003d8       0xc0 main.o
 .debug_ranges  0x00000498       0x40 gpio.o
 .debug_ranges  0x000004d8       0x20 greset.o

.debug_macro    0x00000000    0x14040
 .debug_macro   0x00000000      0x493 xdk-asf/interrupt_sam_nvic.o
 .debug_macro   0x00000493      0x844 xdk-asf/interrupt_sam_nvic.o
 .debug_macro   0x00000cd7      0x16d xdk-asf/interrupt_sam_nvic.o
 .debug_macro   0x00000e44      0x708 xdk-asf/interrupt_sam_nvic.o
 .debug_macro   0x0000154c       0x22 xdk-asf/interrupt_sam_nvic.o
 .debug_macro   0x0000156e       0x87 xdk-asf/interrupt_sam_nvic.o
 .debug_macro   0x000015f5       0x44 xdk-asf/interrupt_sam_nvic.o
 .debug_macro   0x00001639       0xfd xdk-asf/interrupt_sam_nvic.o
 .debug_macro   0x00001736       0x5e xdk-asf/interrupt_sam_nvic.o
 .debug_macro   0x00001794      0x1df xdk-asf/interrupt_sam_nvic.o
 .debug_macro   0x00001973       0x10 xdk-asf/interrupt_sam_nvic.o
 .debug_macro   0x00001983       0x76 xdk-asf/interrupt_sam_nvic.o
 .debug_macro   0x000019f9       0x16 xdk-asf/interrupt_sam_nvic.o
 .debug_macro   0x00001a0f      0x6db xdk-asf/interrupt_sam_nvic.o
 .debug_macro   0x000020ea      0xdd8 xdk-asf/interrupt_sam_nvic.o
 .debug_macro   0x00002ec2       0x22 xdk-asf/interrupt_sam_nvic.o
 .debug_macro   0x00002ee4       0x40 xdk-asf/interrupt_sam_nvic.o
 .debug_macro   0x00002f24       0x3a xdk-asf/interrupt_sam_nvic.o
 .debug_macro   0x00002f5e       0x1f xdk-asf/interrupt_sam_nvic.o
 .debug_macro   0x00002f7d      0x250 xdk-asf/interrupt_sam_nvic.o
 .debug_macro   0x000031cd      0x681 xdk-asf/interrupt_sam_nvic.o
 .debug_macro   0x0000384e      0x8b5 xdk-asf/interrupt_sam_nvic.o
 .debug_macro   0x00004103      0x230 xdk-asf/interrupt_sam_nvic.o
 .debug_macro   0x00004333      0xbd1 xdk-asf/interrupt_sam_nvic.o
 .debug_macro   0x00004f04      0x5b8 xdk-asf/interrupt_sam_nvic.o
 .debug_macro   0x000054bc      0x7c8 xdk-asf/interrupt_sam_nvic.o
 .debug_macro   0x00005c84      0x4e3 xdk-asf/interrupt_sam_nvic.o
 .debug_macro   0x00006167      0x39f xdk-asf/interrupt_sam_nvic.o
 .debug_macro   0x00006506      0x18d xdk-asf/interrupt_sam_nvic.o
 .debug_macro   0x00006693      0x21c xdk-asf/interrupt_sam_nvic.o
 .debug_macro   0x000068af      0x78d xdk-asf/interrupt_sam_nvic.o
 .debug_macro   0x0000703c       0x5e xdk-asf/interrupt_sam_nvic.o
 .debug_macro   0x0000709a      0x628 xdk-asf/interrupt_sam_nvic.o
 .debug_macro   0x000076c2      0x3b6 xdk-asf/interrupt_sam_nvic.o
 .debug_macro   0x00007a78      0xc50 xdk-asf/interrupt_sam_nvic.o
 .debug_macro   0x000086c8     0x1092 xdk-asf/interrupt_sam_nvic.o
 .debug_macro   0x0000975a      0xc19 xdk-asf/interrupt_sam_nvic.o
 .debug_macro   0x0000a373      0x6ba xdk-asf/interrupt_sam_nvic.o
 .debug_macro   0x0000aa2d     0x1b87 xdk-asf/interrupt_sam_nvic.o
 .debug_macro   0x0000c5b4      0xb7c xdk-asf/interrupt_sam_nvic.o
 .debug_macro   0x0000d130      0x344 xdk-asf/interrupt_sam_nvic.o
 .debug_macro   0x0000d474       0x7c xdk-asf/interrupt_sam_nvic.o
 .debug_macro   0x0000d4f0       0xa0 xdk-asf/interrupt_sam_nvic.o
 .debug_macro   0x0000d590       0x4c xdk-asf/interrupt_sam_nvic.o
 .debug_macro   0x0000d5dc       0xca xdk-asf/interrupt_sam_nvic.o
 .debug_macro   0x0000d6a6       0xb8 xdk-asf/interrupt_sam_nvic.o
 .debug_macro   0x0000d75e       0x58 xdk-asf/interrupt_sam_nvic.o
 .debug_macro   0x0000d7b6      0x21a xdk-asf/interrupt_sam_nvic.o
 .debug_macro   0x0000d9d0       0x82 xdk-asf/interrupt_sam_nvic.o
 .debug_macro   0x0000da52      0x18d xdk-asf/interrupt_sam_nvic.o
 .debug_macro   0x0000dbdf       0xa0 xdk-asf/interrupt_sam_nvic.o
 .debug_macro   0x0000dc7f       0xc4 xdk-asf/interrupt_sam_nvic.o
 .debug_macro   0x0000dd43       0x1c xdk-asf/interrupt_sam_nvic.o
 .debug_macro   0x0000dd5f       0x1c xdk-asf/interrupt_sam_nvic.o
 .debug_macro   0x0000dd7b       0x1c xdk-asf/interrupt_sam_nvic.o
 .debug_macro   0x0000dd97       0x82 xdk-asf/interrupt_sam_nvic.o
 .debug_macro   0x0000de19      0x112 xdk-asf/interrupt_sam_nvic.o
 .debug_macro   0x0000df2b       0xdc xdk-asf/interrupt_sam_nvic.o
 .debug_macro   0x0000e007      0x128 xdk-asf/interrupt_sam_nvic.o
 .debug_macro   0x0000e12f      0x128 xdk-asf/interrupt_sam_nvic.o
 .debug_macro   0x0000e257      0x11e xdk-asf/interrupt_sam_nvic.o
 .debug_macro   0x0000e375       0xe2 xdk-asf/interrupt_sam_nvic.o
 .debug_macro   0x0000e457       0xe2 xdk-asf/interrupt_sam_nvic.o
 .debug_macro   0x0000e539      0x12a xdk-asf/interrupt_sam_nvic.o
 .debug_macro   0x0000e663      0x1fe xdk-asf/interrupt_sam_nvic.o
 .debug_macro   0x0000e861       0x40 xdk-asf/interrupt_sam_nvic.o
 .debug_macro   0x0000e8a1      0x2e3 xdk-asf/interrupt_sam_nvic.o
 .debug_macro   0x0000eb84      0x7e6 xdk-asf/interrupt_sam_nvic.o
 .debug_macro   0x0000f36a       0x5f xdk-asf/interrupt_sam_nvic.o
 .debug_macro   0x0000f3c9       0x52 xdk-asf/interrupt_sam_nvic.o
 .debug_macro   0x0000f41b       0x35 xdk-asf/interrupt_sam_nvic.o
 .debug_macro   0x0000f450       0x9c xdk-asf/interrupt_sam_nvic.o
 .debug_macro   0x0000f4ec       0x16 xdk-asf/interrupt_sam_nvic.o
 .debug_macro   0x0000f502       0x35 xdk-asf/interrupt_sam_nvic.o
 .debug_macro   0x0000f537      0x330 xdk-asf/interrupt_sam_nvic.o
 .debug_macro   0x0000f867       0x10 xdk-asf/interrupt_sam_nvic.o
 .debug_macro   0x0000f877       0x52 xdk-asf/interrupt_sam_nvic.o
 .debug_macro   0x0000f8c9       0x1f xdk-asf/interrupt_sam_nvic.o
 .debug_macro   0x0000f8e8       0x43 xdk-asf/interrupt_sam_nvic.o
 .debug_macro   0x0000f92b       0x20 xdk-asf/interrupt_sam_nvic.o
 .debug_macro   0x0000f94b      0x187 xdk-asf/interrupt_sam_nvic.o
 .debug_macro   0x0000fad2       0x10 xdk-asf/interrupt_sam_nvic.o
 .debug_macro   0x0000fae2       0x1c xdk-asf/interrupt_sam_nvic.o
 .debug_macro   0x0000fafe       0x52 xdk-asf/interrupt_sam_nvic.o
 .debug_macro   0x0000fb50       0x40 xdk-asf/interrupt_sam_nvic.o
 .debug_macro   0x0000fb90       0x10 xdk-asf/interrupt_sam_nvic.o
 .debug_macro   0x0000fba0       0x40 xdk-asf/interrupt_sam_nvic.o
 .debug_macro   0x0000fbe0       0xd7 xdk-asf/interrupt_sam_nvic.o
 .debug_macro   0x0000fcb7       0x16 xdk-asf/interrupt_sam_nvic.o
 .debug_macro   0x0000fccd      0x189 xdk-asf/interrupt_sam_nvic.o
 .debug_macro   0x0000fe56       0x16 xdk-asf/interrupt_sam_nvic.o
 .debug_macro   0x0000fe6c       0x16 xdk-asf/interrupt_sam_nvic.o
 .debug_macro   0x0000fe82       0x29 xdk-asf/interrupt_sam_nvic.o
 .debug_macro   0x0000feab       0x51 xdk-asf/interrupt_sam_nvic.o
 .debug_macro   0x0000fefc      0x3df xdk-asf/interrupt_sam_nvic.o
 .debug_macro   0x000102db       0x3e xdk-asf/interrupt_sam_nvic.o
 .debug_macro   0x00010319      0x28b xdk-asf/startup_samd11.o
 .debug_macro   0x000105a4       0x3a xdk-asf/startup_samd11.o
 .debug_macro   0x000105de      0x556 xdk-asf/spi.o
 .debug_macro   0x00010b34       0x18 xdk-asf/spi.o
 .debug_macro   0x00010b4c       0x11 xdk-asf/spi.o
 .debug_macro   0x00010b5d       0x16 xdk-asf/spi.o
 .debug_macro   0x00010b73       0x2e xdk-asf/spi.o
 .debug_macro   0x00010ba1       0x42 xdk-asf/spi.o
 .debug_macro   0x00010be3       0x10 xdk-asf/spi.o
 .debug_macro   0x00010bf3       0x16 xdk-asf/spi.o
 .debug_macro   0x00010c09       0x16 xdk-asf/spi.o
 .debug_macro   0x00010c1f       0x2e xdk-asf/spi.o
 .debug_macro   0x00010c4d       0x35 xdk-asf/spi.o
 .debug_macro   0x00010c82      0x520 xdk-asf/sercom.o
 .debug_macro   0x000111a2      0x4c9 xdk-asf/gclk.o
 .debug_macro   0x0001166b      0x4f8 xdk-asf/clock.o
 .debug_macro   0x00011b63      0x22f xdk-asf/clock.o
 .debug_macro   0x00011d92      0x4a3 xdk-asf/pinmux.o
 .debug_macro   0x00012235       0x12 xdk-asf/pinmux.o
 .debug_macro   0x00012247      0x4d6 xdk-asf/system.o
 .debug_macro   0x0001271d      0x4cc xdk-asf/rtc_count.o
 .debug_macro   0x00012be9      0x65e main.o
 .debug_macro   0x00013247       0x4c main.o
 .debug_macro   0x00013293       0x8d main.o
 .debug_macro   0x00013320       0x4a main.o
 .debug_macro   0x0001336a       0x10 main.o
 .debug_macro   0x0001337a       0x16 main.o
 .debug_macro   0x00013390      0x513 main.o
 .debug_macro   0x000138a3       0x16 main.o
 .debug_macro   0x000138b9       0x1c main.o
 .debug_macro   0x000138d5      0x174 main.o
 .debug_macro   0x00013a49       0x22 main.o
 .debug_macro   0x00013a6b       0x10 main.o
 .debug_macro   0x00013a7b      0x5ab gpio.o
 .debug_macro   0x00014026       0x1a greset.o

.debug_line     0x00000000     0x71d9
 .debug_line    0x00000000      0x766 xdk-asf/interrupt_sam_nvic.o
 .debug_line    0x00000766      0x4a1 xdk-asf/startup_samd11.o
 .debug_line    0x00000c07      0xed4 xdk-asf/spi.o
 .debug_line    0x00001adb      0xa6d xdk-asf/sercom.o
 .debug_line    0x00002548      0xb2c xdk-asf/gclk.o
 .debug_line    0x00003074      0xaee xdk-asf/clock.o
 .debug_line    0x00003b62      0x7d9 xdk-asf/pinmux.o
 .debug_line    0x0000433b      0x8bd xdk-asf/system.o
 .debug_line    0x00004bf8      0x9c6 xdk-asf/rtc_count.o
 .debug_line    0x000055be      0xce9 main.o
 .debug_line    0x000062a7      0xb17 gpio.o
 .debug_line    0x00006dbe       0x71 greset.o
 .debug_line    0x00006e2f       0x6a /usr/lib/gcc/arm-none-eabi/5.4.1/armv6-m/libgcc.a(_udivsi3.o)
 .debug_line    0x00006e99       0x5e /usr/lib/gcc/arm-none-eabi/5.4.1/armv6-m/libgcc.a(_dvmd_tls.o)
 .debug_line    0x00006ef7       0xc0 /usr/lib/gcc/arm-none-eabi/5.4.1/../../../arm-none-eabi/lib/armv6-m/libc_nano.a(lib_a-init.o)
 .debug_line    0x00006fb7      0x11e /usr/lib/gcc/arm-none-eabi/5.4.1/../../../arm-none-eabi/lib/armv6-m/libc_nano.a(lib_a-memcpy-stub.o)
 .debug_line    0x000070d5      0x104 /usr/lib/gcc/arm-none-eabi/5.4.1/../../../arm-none-eabi/lib/armv6-m/libc_nano.a(lib_a-memset.o)

.debug_str      0x00000000    0x71ed9
 .debug_str     0x00000000    0x6a528 xdk-asf/interrupt_sam_nvic.o
                              0x6a99d (size before relaxing)
 .debug_str     0x0006a528      0xd74 xdk-asf/startup_samd11.o
                              0x55c4a (size before relaxing)
 .debug_str     0x0006b29c     0x2007 xdk-asf/spi.o
                              0x6cb43 (size before relaxing)
 .debug_str     0x0006d2a3      0x43f xdk-asf/sercom.o
                              0x6bd04 (size before relaxing)
 .debug_str     0x0006d6e2      0x39e xdk-asf/gclk.o
                              0x6b5e0 (size before relaxing)
 .debug_str     0x0006da80     0x21ff xdk-asf/clock.o
                              0x6d7ca (size before relaxing)
 .debug_str     0x0006fc7f      0x17a xdk-asf/pinmux.o
                              0x6ae3b (size before relaxing)
 .debug_str     0x0006fdf9       0x30 xdk-asf/system.o
                              0x6aa7d (size before relaxing)
 .debug_str     0x0006fe29      0x751 xdk-asf/rtc_count.o
                              0x6c639 (size before relaxing)
 .debug_str     0x0007057a     0x169c main.o
                              0x6ed0d (size before relaxing)
 .debug_str     0x00071c16       0x1c gpio.o
                              0x6bf7e (size before relaxing)
 .debug_str     0x00071c32       0x17 greset.o
                               0x241b (size before relaxing)
 .debug_str     0x00071c49      0x130 /usr/lib/gcc/arm-none-eabi/5.4.1/../../../arm-none-eabi/lib/armv6-m/libc_nano.a(lib_a-init.o)
                                0x1f3 (size before relaxing)
 .debug_str     0x00071d79       0xc6 /usr/lib/gcc/arm-none-eabi/5.4.1/../../../arm-none-eabi/lib/armv6-m/libc_nano.a(lib_a-memcpy-stub.o)
                                0x1cd (size before relaxing)
 .debug_str     0x00071e3f       0x9a /usr/lib/gcc/arm-none-eabi/5.4.1/../../../arm-none-eabi/lib/armv6-m/libc_nano.a(lib_a-memset.o)
                                0x1a8 (size before relaxing)

.debug_frame    0x00000000      0x9d4
 .debug_frame   0x00000000       0x30 xdk-asf/interrupt_sam_nvic.o
 .debug_frame   0x00000030       0x3c xdk-asf/startup_samd11.o
 .debug_frame   0x0000006c      0x11c xdk-asf/spi.o
 .debug_frame   0x00000188       0xbc xdk-asf/sercom.o
 .debug_frame   0x00000244      0x148 xdk-asf/gclk.o
 .debug_frame   0x0000038c      0x158 xdk-asf/clock.o
 .debug_frame   0x000004e4       0x98 xdk-asf/pinmux.o
 .debug_frame   0x0000057c       0x38 xdk-asf/system.o
 .debug_frame   0x000005b4      0x16c xdk-asf/rtc_count.o
 .debug_frame   0x00000720      0x138 main.o
 .debug_frame   0x00000858       0x80 gpio.o
 .debug_frame   0x000008d8       0x58 greset.o
 .debug_frame   0x00000930       0x20 /usr/lib/gcc/arm-none-eabi/5.4.1/armv6-m/libgcc.a(_udivsi3.o)
 .debug_frame   0x00000950       0x2c /usr/lib/gcc/arm-none-eabi/5.4.1/../../../arm-none-eabi/lib/armv6-m/libc_nano.a(lib_a-init.o)
 .debug_frame   0x0000097c       0x2c /usr/lib/gcc/arm-none-eabi/5.4.1/../../../arm-none-eabi/lib/armv6-m/libc_nano.a(lib_a-memcpy-stub.o)
 .debug_frame   0x000009a8       0x2c /usr/lib/gcc/arm-none-eabi/5.4.1/../../../arm-none-eabi/lib/armv6-m/libc_nano.a(lib_a-memset.o)

.debug_loc      0x00000000     0x4249
 .debug_loc     0x00000000     0x1659 xdk-asf/spi.o
 .debug_loc     0x00001659      0x6ad xdk-asf/sercom.o
 .debug_loc     0x00001d06      0x363 xdk-asf/gclk.o
 .debug_loc     0x00002069      0xd98 xdk-asf/clock.o
 .debug_loc     0x00002e01      0x2e3 xdk-asf/pinmux.o
 .debug_loc     0x000030e4      0x637 xdk-asf/rtc_count.o
 .debug_loc     0x0000371b      0x409 main.o
 .debug_loc     0x00003b24      0x145 gpio.o
 .debug_loc     0x00003c69       0x42 greset.o
 .debug_loc     0x00003cab       0x84 /usr/lib/gcc/arm-none-eabi/5.4.1/../../../arm-none-eabi/lib/armv6-m/libc_nano.a(lib_a-init.o)
 .debug_loc     0x00003d2f      0x34a /usr/lib/gcc/arm-none-eabi/5.4.1/../../../arm-none-eabi/lib/armv6-m/libc_nano.a(lib_a-memcpy-stub.o)
 .debug_loc     0x00004079      0x1d0 /usr/lib/gcc/arm-none-eabi/5.4.1/../../../arm-none-eabi/lib/armv6-m/libc_nano.a(lib_a-memset.o)

Cross Reference Table

Symbol                                            File
AC_Handler                                        xdk-asf/startup_samd11.o
ADC_Handler                                       xdk-asf/startup_samd11.o
DAC_Handler                                       xdk-asf/startup_samd11.o
DMAC_Handler                                      xdk-asf/startup_samd11.o
Dummy_Handler                                     xdk-asf/startup_samd11.o
EIC_Handler                                       xdk-asf/startup_samd11.o
EVSYS_Handler                                     xdk-asf/startup_samd11.o
GPIOCloseValue                                    gpio.o
                                                  greset.o
                                                  main.o
GPIODirection                                     gpio.o
                                                  greset.o
                                                  main.o
GPIOExport                                        gpio.o
                                                  greset.o
                                                  main.o
GPIOOpenValue                                     gpio.o
                                                  greset.o
                                                  main.o
GPIORead                                          gpio.o
GPIOUnexport                                      gpio.o
                                                  greset.o
                                                  main.o
GPIOWrite                                         gpio.o
                                                  greset.o
                                                  main.o
HardFault_Handler                                 xdk-asf/startup_samd11.o
NMI_Handler                                       xdk-asf/startup_samd11.o
NVMCTRL_Handler                                   xdk-asf/startup_samd11.o
PM_Handler                                        xdk-asf/startup_samd11.o
PTC_Handler                                       xdk-asf/startup_samd11.o
PendSV_Handler                                    xdk-asf/startup_samd11.o
RTC_Handler                                       xdk-asf/startup_samd11.o
ResetSequence                                     main.o
Reset_Handler                                     xdk-asf/startup_samd11.o
SERCOM0_Handler                                   xdk-asf/startup_samd11.o
SERCOM1_Handler                                   xdk-asf/startup_samd11.o
SVC_Handler                                       xdk-asf/startup_samd11.o
SYSCTRL_Handler                                   xdk-asf/startup_samd11.o
SysTick_Handler                                   xdk-asf/startup_samd11.o
SystemCoreClock                                   xdk-asf/system_samd11.o
SystemCoreClockUpdate                             xdk-asf/system_samd11.o
SystemInit                                        xdk-asf/system_samd11.o
TC1_Handler                                       xdk-asf/startup_samd11.o
TC2_Handler                                       xdk-asf/startup_samd11.o
TCC0_Handler                                      xdk-asf/startup_samd11.o
USB_Handler                                       xdk-asf/startup_samd11.o
WDT_Handler                                       xdk-asf/startup_samd11.o
_ITM_deregisterTMCloneTable                       /usr/lib/gcc/arm-none-eabi/5.4.1/armv6-m/crtbegin.o
_ITM_registerTMCloneTable                         /usr/lib/gcc/arm-none-eabi/5.4.1/armv6-m/crtbegin.o
_Jv_RegisterClasses                               /usr/lib/gcc/arm-none-eabi/5.4.1/armv6-m/crtbegin.o
__TMC_END__                                       /usr/lib/gcc/arm-none-eabi/5.4.1/armv6-m/crtend.o
                                                  /usr/lib/gcc/arm-none-eabi/5.4.1/armv6-m/crtbegin.o
__aeabi_idiv0                                     /usr/lib/gcc/arm-none-eabi/5.4.1/armv6-m/libgcc.a(_dvmd_tls.o)
                                                  /usr/lib/gcc/arm-none-eabi/5.4.1/armv6-m/libgcc.a(_udivsi3.o)
__aeabi_ldiv0                                     /usr/lib/gcc/arm-none-eabi/5.4.1/armv6-m/libgcc.a(_dvmd_tls.o)
__aeabi_lmul                                      /usr/lib/gcc/arm-none-eabi/5.4.1/armv6-m/libgcc.a(_muldi3.o)
                                                  xdk-asf/sercom.o
__aeabi_uidiv                                     /usr/lib/gcc/arm-none-eabi/5.4.1/armv6-m/libgcc.a(_udivsi3.o)
                                                  xdk-asf/clock.o
                                                  xdk-asf/gclk.o
__aeabi_uidivmod                                  /usr/lib/gcc/arm-none-eabi/5.4.1/armv6-m/libgcc.a(_udivsi3.o)
__atexit_dummy                                    /usr/lib/gcc/arm-none-eabi/5.4.1/../../../arm-none-eabi/lib/armv6-m/libc_nano.a(lib_a-__atexit.o)
__bss_end__                                       /usr/lib/gcc/arm-none-eabi/5.4.1/../../../arm-none-eabi/lib/armv6-m/crt0.o
__bss_start__                                     /usr/lib/gcc/arm-none-eabi/5.4.1/../../../arm-none-eabi/lib/armv6-m/crt0.o
__call_exitprocs                                  /usr/lib/gcc/arm-none-eabi/5.4.1/../../../arm-none-eabi/lib/armv6-m/libc_nano.a(lib_a-__call_atexit.o)
                                                  /usr/lib/gcc/arm-none-eabi/5.4.1/../../../arm-none-eabi/lib/armv6-m/libc_nano.a(lib_a-__atexit.o)
                                                  /usr/lib/gcc/arm-none-eabi/5.4.1/../../../arm-none-eabi/lib/armv6-m/libc_nano.a(lib_a-exit.o)
__deregister_frame_info                           /usr/lib/gcc/arm-none-eabi/5.4.1/armv6-m/crtbegin.o
__dso_handle                                      /usr/lib/gcc/arm-none-eabi/5.4.1/armv6-m/crtbegin.o
__fini_array_end                                  /usr/lib/gcc/arm-none-eabi/5.4.1/../../../arm-none-eabi/lib/armv6-m/libc_nano.a(lib_a-fini.o)
__fini_array_start                                /usr/lib/gcc/arm-none-eabi/5.4.1/../../../arm-none-eabi/lib/armv6-m/libc_nano.a(lib_a-fini.o)
__init_array_end                                  /usr/lib/gcc/arm-none-eabi/5.4.1/../../../arm-none-eabi/lib/armv6-m/libc_nano.a(lib_a-init.o)
__init_array_start                                /usr/lib/gcc/arm-none-eabi/5.4.1/../../../arm-none-eabi/lib/armv6-m/libc_nano.a(lib_a-init.o)
__libc_fini_array                                 /usr/lib/gcc/arm-none-eabi/5.4.1/../../../arm-none-eabi/lib/armv6-m/libc_nano.a(lib_a-fini.o)
                                                  /usr/lib/gcc/arm-none-eabi/5.4.1/../../../arm-none-eabi/lib/armv6-m/crt0.o
__libc_init_array                                 /usr/lib/gcc/arm-none-eabi/5.4.1/../../../arm-none-eabi/lib/armv6-m/libc_nano.a(lib_a-init.o)
                                                  xdk-asf/startup_samd11.o
                                                  /usr/lib/gcc/arm-none-eabi/5.4.1/../../../arm-none-eabi/lib/armv6-m/crt0.o
__muldi3                                          /usr/lib/gcc/arm-none-eabi/5.4.1/armv6-m/libgcc.a(_muldi3.o)
__on_exit_args                                    /usr/lib/gcc/arm-none-eabi/5.4.1/../../../arm-none-eabi/lib/armv6-m/libc_nano.a(lib_a-__atexit.o)
__preinit_array_end                               /usr/lib/gcc/arm-none-eabi/5.4.1/../../../arm-none-eabi/lib/armv6-m/libc_nano.a(lib_a-init.o)
__preinit_array_start                             /usr/lib/gcc/arm-none-eabi/5.4.1/../../../arm-none-eabi/lib/armv6-m/libc_nano.a(lib_a-init.o)
__register_exitproc                               /usr/lib/gcc/arm-none-eabi/5.4.1/../../../arm-none-eabi/lib/armv6-m/libc_nano.a(lib_a-__atexit.o)
                                                  /usr/lib/gcc/arm-none-eabi/5.4.1/../../../arm-none-eabi/lib/armv6-m/libc_nano.a(lib_a-atexit.o)
__register_frame_info                             /usr/lib/gcc/arm-none-eabi/5.4.1/armv6-m/crtbegin.o
__sf_fake_stderr                                  /usr/lib/gcc/arm-none-eabi/5.4.1/../../../arm-none-eabi/lib/armv6-m/libc_nano.a(lib_a-impure.o)
__sf_fake_stdin                                   /usr/lib/gcc/arm-none-eabi/5.4.1/../../../arm-none-eabi/lib/armv6-m/libc_nano.a(lib_a-impure.o)
__sf_fake_stdout                                  /usr/lib/gcc/arm-none-eabi/5.4.1/../../../arm-none-eabi/lib/armv6-m/libc_nano.a(lib_a-impure.o)
__stack                                           /usr/lib/gcc/arm-none-eabi/5.4.1/../../../arm-none-eabi/lib/armv6-m/crt0.o
__udivsi3                                         /usr/lib/gcc/arm-none-eabi/5.4.1/armv6-m/libgcc.a(_udivsi3.o)
_binary_test5_dat_end                             test5.o
_binary_test5_dat_size                            test5.o
                                                  main.o
_binary_test5_dat_start                           test5.o
                                                  main.o
_erelocate                                        xdk-asf/startup_samd11.o
_estack                                           xdk-asf/startup_samd11.o
_etext                                            xdk-asf/startup_samd11.o
_exit                                             /usr/lib/gcc/arm-none-eabi/5.4.1/../../../arm-none-eabi/lib/armv6-m/libc_nano.a(lib_a-exit.o)
_ezero                                            xdk-asf/startup_samd11.o
_fini                                             /usr/lib/gcc/arm-none-eabi/5.4.1/armv6-m/crti.o
                                                  /usr/lib/gcc/arm-none-eabi/5.4.1/../../../arm-none-eabi/lib/armv6-m/libc_nano.a(lib_a-fini.o)
_global_atexit                                    /usr/lib/gcc/arm-none-eabi/5.4.1/../../../arm-none-eabi/lib/armv6-m/libc_nano.a(lib_a-__call_atexit.o)
                                                  /usr/lib/gcc/arm-none-eabi/5.4.1/../../../arm-none-eabi/lib/armv6-m/libc_nano.a(lib_a-__atexit.o)
_global_impure_ptr                                /usr/lib/gcc/arm-none-eabi/5.4.1/../../../arm-none-eabi/lib/armv6-m/libc_nano.a(lib_a-impure.o)
                                                  /usr/lib/gcc/arm-none-eabi/5.4.1/../../../arm-none-eabi/lib/armv6-m/libc_nano.a(lib_a-exit.o)
_impure_ptr                                       /usr/lib/gcc/arm-none-eabi/5.4.1/../../../arm-none-eabi/lib/armv6-m/libc_nano.a(lib_a-impure.o)
_init                                             /usr/lib/gcc/arm-none-eabi/5.4.1/armv6-m/crti.o
                                                  /usr/lib/gcc/arm-none-eabi/5.4.1/../../../arm-none-eabi/lib/armv6-m/libc_nano.a(lib_a-init.o)
_mainCRTStartup                                   /usr/lib/gcc/arm-none-eabi/5.4.1/../../../arm-none-eabi/lib/armv6-m/crt0.o
_rtc_instance                                     xdk-asf/rtc_count.o
_sercom_get_async_baud_val                        xdk-asf/sercom.o
_sercom_get_default_pad                           xdk-asf/sercom.o
                                                  xdk-asf/spi.o
_sercom_get_sercom_inst_index                     xdk-asf/sercom.o
                                                  xdk-asf/spi.o
_sercom_get_sync_baud_val                         xdk-asf/sercom.o
                                                  xdk-asf/spi.o
_sfixed                                           xdk-asf/startup_samd11.o
_srelocate                                        xdk-asf/startup_samd11.o
_start                                            /usr/lib/gcc/arm-none-eabi/5.4.1/../../../arm-none-eabi/lib/armv6-m/crt0.o
_system_divas_init                                xdk-asf/system.o
_system_dummy_init                                xdk-asf/system.o
_system_events_init                               xdk-asf/system.o
_system_extint_init                               xdk-asf/system.o
_szero                                            xdk-asf/startup_samd11.o
atexit                                            /usr/lib/gcc/arm-none-eabi/5.4.1/../../../arm-none-eabi/lib/armv6-m/libc_nano.a(lib_a-atexit.o)
                                                  /usr/lib/gcc/arm-none-eabi/5.4.1/../../../arm-none-eabi/lib/armv6-m/crt0.o
configure_rtc_count                               main.o
cpu_irq_enter_critical                            xdk-asf/interrupt_sam_nvic.o
                                                  xdk-asf/gclk.o
cpu_irq_leave_critical                            xdk-asf/interrupt_sam_nvic.o
                                                  xdk-asf/gclk.o
exception_table                                   xdk-asf/startup_samd11.o
exit                                              /usr/lib/gcc/arm-none-eabi/5.4.1/../../../arm-none-eabi/lib/armv6-m/libc_nano.a(lib_a-exit.o)
                                                  /usr/lib/gcc/arm-none-eabi/5.4.1/../../../arm-none-eabi/lib/armv6-m/crt0.o
finiGlobalReset                                   greset.o
                                                  main.o
free                                              /usr/lib/gcc/arm-none-eabi/5.4.1/../../../arm-none-eabi/lib/armv6-m/libc_nano.a(lib_a-__call_atexit.o)
g_interrupt_enabled                               xdk-asf/interrupt_sam_nvic.o
gpio_reset                                        greset.o
hardware_init_hook                                /usr/lib/gcc/arm-none-eabi/5.4.1/../../../arm-none-eabi/lib/armv6-m/crt0.o
initGlobalReset                                   greset.o
                                                  main.o
main                                              main.o
                                                  xdk-asf/startup_samd11.o
                                                  /usr/lib/gcc/arm-none-eabi/5.4.1/../../../arm-none-eabi/lib/armv6-m/crt0.o
malloc                                            /usr/lib/gcc/arm-none-eabi/5.4.1/../../../arm-none-eabi/lib/armv6-m/libc_nano.a(lib_a-__atexit.o)
memcpy                                            /usr/lib/gcc/arm-none-eabi/5.4.1/../../../arm-none-eabi/lib/armv6-m/libc_nano.a(lib_a-memcpy-stub.o)
                                                  main.o
memset                                            /usr/lib/gcc/arm-none-eabi/5.4.1/../../../arm-none-eabi/lib/armv6-m/libc_nano.a(lib_a-memset.o)
                                                  main.o
                                                  /usr/lib/gcc/arm-none-eabi/5.4.1/../../../arm-none-eabi/lib/armv6-m/crt0.o
rtc_count_clear_compare_match                     xdk-asf/rtc_count.o
                                                  main.o
rtc_count_disable                                 xdk-asf/rtc_count.o
rtc_count_enable                                  xdk-asf/rtc_count.o
                                                  main.o
rtc_count_frequency_correction                    xdk-asf/rtc_count.o
rtc_count_get_compare                             xdk-asf/rtc_count.o
rtc_count_get_count                               xdk-asf/rtc_count.o
rtc_count_get_period                              xdk-asf/rtc_count.o
rtc_count_init                                    xdk-asf/rtc_count.o
                                                  main.o
rtc_count_is_compare_match                        xdk-asf/rtc_count.o
                                                  main.o
rtc_count_reset                                   xdk-asf/rtc_count.o
rtc_count_set_compare                             xdk-asf/rtc_count.o
rtc_count_set_count                               xdk-asf/rtc_count.o
rtc_count_set_period                              xdk-asf/rtc_count.o
                                                  main.o
rtc_instance                                      main.o
sendGlobalReset                                   greset.o
                                                  main.o
sercom_set_gclk_generator                         xdk-asf/sercom.o
                                                  xdk-asf/spi.o
slave                                             main.o
sleep                                             main.o
sleep_ms                                          main.o
software_init_hook                                /usr/lib/gcc/arm-none-eabi/5.4.1/../../../arm-none-eabi/lib/armv6-m/crt0.o
spi_close                                         main.o
spi_init                                          xdk-asf/spi.o
                                                  main.o
spi_init_internal                                 main.o
spi_master_instance                               main.o
spi_read_buffer_wait                              xdk-asf/spi.o
spi_reset                                         xdk-asf/spi.o
spi_select_slave                                  xdk-asf/spi.o
spi_set_baudrate                                  xdk-asf/spi.o
spi_transceive_buffer_wait                        xdk-asf/spi.o
                                                  main.o
spi_transceive_wait                               xdk-asf/spi.o
spi_write_buffer_wait                             xdk-asf/spi.o
                                                  main.o
system_board_init                                 xdk-asf/system.o
system_clock_init                                 xdk-asf/clock.o
system_clock_source_dfll_set_config               xdk-asf/clock.o
system_clock_source_disable                       xdk-asf/clock.o
system_clock_source_dpll_set_config               xdk-asf/clock.o
system_clock_source_enable                        xdk-asf/clock.o
system_clock_source_get_hz                        xdk-asf/clock.o
                                                  xdk-asf/gclk.o
system_clock_source_is_ready                      xdk-asf/clock.o
system_clock_source_osc32k_set_config             xdk-asf/clock.o
system_clock_source_osc8m_set_config              xdk-asf/clock.o
system_clock_source_write_calibration             xdk-asf/clock.o
system_clock_source_xosc32k_set_config            xdk-asf/clock.o
system_clock_source_xosc_set_config               xdk-asf/clock.o
system_gclk_chan_disable                          xdk-asf/gclk.o
system_gclk_chan_enable                           xdk-asf/gclk.o
                                                  xdk-asf/rtc_count.o
                                                  xdk-asf/sercom.o
                                                  xdk-asf/spi.o
system_gclk_chan_get_hz                           xdk-asf/gclk.o
                                                  xdk-asf/clock.o
                                                  xdk-asf/spi.o
system_gclk_chan_is_enabled                       xdk-asf/gclk.o
system_gclk_chan_is_locked                        xdk-asf/gclk.o
system_gclk_chan_lock                             xdk-asf/gclk.o
system_gclk_chan_set_config                       xdk-asf/gclk.o
                                                  xdk-asf/rtc_count.o
                                                  xdk-asf/clock.o
                                                  xdk-asf/sercom.o
                                                  xdk-asf/spi.o
system_gclk_gen_disable                           xdk-asf/gclk.o
system_gclk_gen_enable                            xdk-asf/gclk.o
                                                  xdk-asf/clock.o
system_gclk_gen_get_hz                            xdk-asf/gclk.o
system_gclk_gen_is_enabled                        xdk-asf/gclk.o
system_gclk_gen_set_config                        xdk-asf/gclk.o
                                                  xdk-asf/clock.o
system_gclk_init                                  xdk-asf/gclk.o
                                                  xdk-asf/clock.o
system_init                                       xdk-asf/system.o
                                                  main.o
system_pinmux_group_set_config                    xdk-asf/pinmux.o
system_pinmux_group_set_input_sample_mode         xdk-asf/pinmux.o
system_pinmux_group_set_output_strength           xdk-asf/pinmux.o
system_pinmux_pin_set_config                      xdk-asf/pinmux.o
                                                  main.o
                                                  xdk-asf/spi.o
system_samd11_init                                main.o
